,------------------------
|                       |
,---------------------  =---
|                    |  |  |
,------              a  e  >>=----------------------------
|     |                    |                             |
=---  =---------           ||--                          %---
|  |  |        |           |  |                          |  |
a  b  ||--     =---        f  &&--                       a  ->--
      |  |     |  |           |  |                          |  |
      c  &&--  d  e           g  |---                       b  e
         |  |                    |  |                           
         f  g                    k  ^---
                                    |  |
                                    l  &---
                                       |  |
                                       m  !=-----
                                          |     |
                                          ==--  <---
                                          |  |  |  |
                                          n  o  p  >>--
                                                   |  |
                                                   q  e

