+------------------------------------
|                                   |
+---------------------------------  u
|                                |   
+------------------------------  i
|                             |   
+---------------------------  f
|                          |   
+------------              e
|           |               
+---------  +------------
|        |  |           |
+------  e  +---------  h
|     |     |        |   
+---  d     +------  g
|  |        |     |   
a  b        +---  e
            |  |   
            c  d

