*---------------------
|                    |
+---                 +------------------
|  |                 |                 |
a  +---              +---------------  7
   |  |              |              |   
   b  +---           +------------  6
      |  |           |           |   
      c  +---        +---------  5
         |  |        |        |   
         e  +---     +------  4
            |  |     |     |   
            g  +---  +---  3
               |  |  |  |   
               h  i  1  2

