types:
------------------------------------------------
typedef t2 struct s2

struct s2
  variables:
  ----------------------------------------------
  variable x of type int

typedef tp1 pointer to struct s1

typedef tp2 pointer to struct s2

typedef t1 struct s1

struct s1
  variables:
  ----------------------------------------------
  variable x of type int

functions:
------------------------------------------------
variable main of type function() returning int
  variables:
  ----------------------------------------------
  variable pa of type pointer to struct s1
  variable b of type struct s1
  variable a of type struct s1
>----------------------------------------------;
  =---
  |  |
  a  b

<----------------------------------------------;
>----------------------------------------------;
  =----
  |   |
  pa  &
      |
      a

<----------------------------------------------;
>----------------------------------------------;
  =----
  |   |
  pa  &
      |
      b

<----------------------------------------------;
>----------------------------------------------;
  =---
  |  |
  b  *
     | 
     pa

<----------------------------------------------;
