functions:
------------------------------------------------
variable main of type function() returning int
>----------------------------------------------;
  )---
  |  |
  f  1

<----------------------------------------------;
>----------------------------------------------;
  )---
  |  |  
  f  'a'

<----------------------------------------------;
variable f of type function(variable a of type int) returning int
  variables:
  ----------------------------------------------
  variable a of type int
>-----------------------------------------return
  0

<-----------------------------------------return
