...1-..1: literal float 0.0 00000000
...2-..1: invalid 0....1
...3-..1: literal float 0.0e+3 00000000
...4-..1: invalid 0.24512..E-
...5-..1: invalid 0...e+
...6-..1: invalid 0efsa
...6-..1: punctuation OP_MINUS -
...7-..1: literal float 21412e421 FFFF7F7F
...8-..1: literal float 241E421 FFFF7F7F
...9-..1: invalid 12e...2
eof
