...1-..1: literal char 'a' 61
...1-..5: literal int 'π' C0030000
...1-..9: literal int '𝄞' 1ED10100
...1-.13: literal char '\'' 27
...1-.17: literal char '\"' 22
...1-.21: literal char '\?' 3F
...1-.25: literal char '\\' 5C
...1-.29: literal char '\a' 07
...1-.33: literal char '\b' 08
...2-..1: literal char '\f' 0C
...2-..5: literal char '\n' 0A
...2-..9: literal char '\r' 0D
...2-.13: literal char '\t' 09
...2-.17: literal char '\v' 0B
...4-..1: invalid '\x3C0'
...4-..7: invalid '\x1D11E'
...4-.15: invalid '\101'
...6-..1: invalid 'ab'
...7-..1: invalid 'abc'
eof