functions:
------------------------------------------------
variable main of type function(variable argc of type int, variable argv of type array of pointer to char) returning int
  variables:
  ----------------------------------------------
  variable argc of type int
  variable argv of type array of pointer to char
  variables:
  ----------------------------------------------
  variable a of type int
>---------------------------------------------if
  ==--
  |  |
  1  1

  >--------------------------------------------{
  variables:
  ----------------------------------------------
  variable b of type int
    >------------------------------------------;
      =---
      |  |
      a  1

    <------------------------------------------;
  <--------------------------------------------{
  >--------------------------------------------{
  variables:
  ----------------------------------------------
  variable c of type int
    >------------------------------------------;
      =---
      |  |
      a  2

    <------------------------------------------;
    >------------------------------------------;
      =---
      |  |
      a  3

    <------------------------------------------;
    >------------------------------------------;
      =---
      |  |
      b  4

    <------------------------------------------;
  <--------------------------------------------{
<---------------------------------------------if
>----------------------------------------------{
  variables:
  ----------------------------------------------
  variable a of type int
  >--------------------------------------------;
    =---
    |  |
    a  2

  <--------------------------------------------;
<----------------------------------------------{
