functions:
------------------------------------------------
variable main of type function() returning int
  variables:
  ----------------------------------------------
  variable n of type int
>--------------------------------------------for
  variables:
  ----------------------------------------------
  variable i of type int
  stub

  <---
  |  |
  i  n

  ++
  |
  i

  >--------------------------------------------{
    >------------------------------------------;
      )-------------
      |      |     |
      print  "%d"  i

    <------------------------------------------;
  <--------------------------------------------{
<--------------------------------------------for
