functions:
------------------------------------------------
variable main of type function() returning int
>------------------------------------------while
  ==--
  |  |
  1  1

  >--------------------------------------------{
  variables:
  ----------------------------------------------
  variable i of type int
    >----------------------------------------for
      =---
      |  |
      i  0

      <---
      |  |
      i  n

      ++
      |
      i

      >----------------------------------------{
        >--------------------------------------;
          (-------
          |      |    
          print  "foo"

        <--------------------------------------;
      <----------------------------------------{
    <----------------------------------------for
  <--------------------------------------------{
<------------------------------------------while
