variables:
------------------------------------------------
variable a of type int
functions:
------------------------------------------------
variable main of type function() returning int
>----------------------------------------------;
  (---
  |  |  
  a  "a"

<----------------------------------------------;
