variables:
------------------------------------------------
variable n of type int
variable a of type int
functions:
------------------------------------------------
variable main of type function(variable argc of type int) returning int
  variables:
  ----------------------------------------------
  variable argc of type int
  variables:
  ----------------------------------------------
  variable true of type int
>--------------------------------------------for
  variables:
  ----------------------------------------------
  variable i of type int
  stub

  <---
  |  |
  i  n

  ++
  |
  i

  >--------------------------------------------{
    >------------------------------------------;
      =---
      |  |
      a  1

    <------------------------------------------;
  <--------------------------------------------{
<--------------------------------------------for
>------------------------------------------while
  true

  >--------------------------------------------{
    >------------------------------------------;
      =---
      |  |
      a  2

    <------------------------------------------;
    >-----------------------------------continue
    <-----------------------------------continue
  <--------------------------------------------{
<------------------------------------------while
>---------------------------------------------do
  true

  >--------------------------------------------{
    >--------------------------------------break
    <--------------------------------------break
  <--------------------------------------------{
<---------------------------------------------do
>-----------------------------------------return
  0

<-----------------------------------------return
>---------------------------------------------if
  !
  |   
  true

  >--------------------------------------------{
    >------------------------------------------;
      (-------
      |      |     
      print  "true"

    <------------------------------------------;
  <--------------------------------------------{
  >--------------------------------------------{
    >------------------------------------------;
      (-------
      |      |      
      print  "false"

    <------------------------------------------;
    >------------------------------------------;
      (-------
      |      |      
      print  "false"

    <------------------------------------------;
  <--------------------------------------------{
<---------------------------------------------if
