functions:
------------------------------------------------
variable main of type function() returning int
>------------------------------------------while
  1

  >--------------------------------------------{
    >-----------------------------------continue
    <-----------------------------------continue
  <--------------------------------------------{
<------------------------------------------while
