functions:
------------------------------------------------
variable main of type function() returning int
>---------------------------------------------do
  1

  >--------------------------------------------{
    >--------------------------------------break
    <--------------------------------------break
  <--------------------------------------------{
<---------------------------------------------do
