functions:
------------------------------------------------
variable main of type function() returning int
>--------------------------------------------for
  stub

  stub

  stub

  >--------------------------------------------{
    >------------------------------------------{
      >------------------------------------break
      <------------------------------------break
    <------------------------------------------{
  <--------------------------------------------{
<--------------------------------------------for
