functions:
------------------------------------------------
variable main of type function() returning int
  variables:
  ----------------------------------------------
  variable i of type int
  variable n of type int
>--------------------------------------------for
  =---
  |  |
  i  0

  stub

  <---
  |  |
  i  n

  >--------------------------------------------{
  <--------------------------------------------{
<--------------------------------------------for
