functions:
------------------------------------------------
variable g of type function(variable r of type int) returning void
  variables:
  ----------------------------------------------
  variable r of type int
>----------------------------------------------;
  (-------------
  |      |     |
  print  "%d"  r

<----------------------------------------------;
variable f of type function(variable a of type int) returning int
  variables:
  ----------------------------------------------
  variable a of type int
>-----------------------------------------return
  a

<-----------------------------------------return
