functions:
------------------------------------------------
variable f of type function(variable a of type int) returning void
  variables:
  ----------------------------------------------
  variable a of type int
>----------------------------------------------;
  )
  |
  f

<----------------------------------------------;
