functions:
------------------------------------------------
variable main of type function() returning int
>----------------------------------------------{
  >--------------------------------------------;
    123

  <--------------------------------------------;
  >--------------------------------------------{
    >------------------------------------------;
      456

    <------------------------------------------;
    >------------------------------------------;
      789

    <------------------------------------------;
  <--------------------------------------------{
  >--------------------------------------------;
    0

  <--------------------------------------------;
<----------------------------------------------{
>----------------------------------------------;
  -
  | 
  10

<----------------------------------------------;
