functions:
------------------------------------------------
variable main of type function() returning int
>---------------------------------------------if
  25

  >--------------------------------------------{
    >------------------------------------------;
      35

    <------------------------------------------;
  <--------------------------------------------{
<---------------------------------------------if
>---------------------------------------------if
  0

  >--------------------------------------------{
    >------------------------------------------;
      45

    <------------------------------------------;
  <--------------------------------------------{
  >--------------------------------------------{
    >------------------------------------------;
      55

    <------------------------------------------;
  <--------------------------------------------{
<---------------------------------------------if
