functions:
------------------------------------------------
variable main of type function() returning int
>--------------------------------------------for
  1

  2

  3

  >--------------------------------------------{
    >------------------------------------------;
      456

    <------------------------------------------;
  <--------------------------------------------{
<--------------------------------------------for
>--------------------------------------------for
  stub

  stub

  stub

  >--------------------------------------------{
    >------------------------------------------;
      789

    <------------------------------------------;
  <--------------------------------------------{
<--------------------------------------------for
>--------------------------------------------for
  stub

  0

  stub

  >--------------------------------------------{
    >------------------------------------------;
      987

    <------------------------------------------;
  <--------------------------------------------{
<--------------------------------------------for
