functions:
------------------------------------------------
variable main of type function() returning int
>--------------------------------------------for
  1

  2

  3

  >--------------------------------------------{
    >-----------------------------------------if
      2

      >----------------------------------------{
        >-------------------------------continue
        <-------------------------------continue
      <----------------------------------------{
    <-----------------------------------------if
  <--------------------------------------------{
<--------------------------------------------for
>------------------------------------------while
  1

  >--------------------------------------------{
    >------------------------------------------;
      123

    <------------------------------------------;
    >-----------------------------------------if
      0

      >----------------------------------------{
        >-------------------------------continue
        <-------------------------------continue
      <----------------------------------------{
    <-----------------------------------------if
  <--------------------------------------------{
<------------------------------------------while
>---------------------------------------------do
  6

  >--------------------------------------------{
    >-----------------------------------continue
    <-----------------------------------continue
  <--------------------------------------------{
<---------------------------------------------do
