functions:
------------------------------------------------
variable main of type function() returning int
  variables:
  ----------------------------------------------
  variable a of type pointer to int
>----------------------------------------------;
  ->--
  |  |
  a  v

<----------------------------------------------;
