functions:
------------------------------------------------
variable main of type function() returning int
  variables:
  ----------------------------------------------
  variable <arg-n-1> of type pointer to array of array of const int
  variable b of type int
  variable a of type int
>----------------------------------------------;
  --
  | 
  ++
  |   
  +---
  |  |
  a  b

<----------------------------------------------;
>----------------------------------------------;
  -
  |
  1

<----------------------------------------------;
>----------------------------------------------;
  --
  |
  1

<----------------------------------------------;
>----------------------------------------------;
  -
  |
  +
  |
  -
  |
  1

<----------------------------------------------;
>----------------------------------------------;
  +
  |
  -
  |
  +
  | 
  ++
  |
  1

<----------------------------------------------;
>----------------------------------------------;
  --
  | 
  ++
  | 
  --
  |
  -
  |
  1

<----------------------------------------------;
>----------------------------------------------;
  --
  | 
  ++
  | 
  --
  |
  +
  |
  1

<----------------------------------------------;
>----------------------------------------------;
  sizeof
  |     
  sizeof
  |
  +
  |
  1

<----------------------------------------------;
>----------------------------------------------;
  sizeof
  |
  1

<----------------------------------------------;
>----------------------------------------------;
  sizeof
  |   
  +---
  |  |
  a  b

<----------------------------------------------;
>----------------------------------------------;
  sizeof
  |                                     
  pointer to array of array of const int

<----------------------------------------------;
>----------------------------------------------;
  sizeof
  |
  +
  |
  -
  |     
  sizeof
  |  
  int

<----------------------------------------------;
>----------------------------------------------;
  +--------
  |       |     
  cast--  cast--
  |    |  |    |
  int  a  int  b

<----------------------------------------------;
>-----------------------------------------return
  0

<-----------------------------------------return
