functions:
------------------------------------------------
variable main of type function() returning int
>-----------------------------------------return
  0

<-----------------------------------------return
ERROR: unexpected token KW_INT : "int" at 17-1, redefinition of variable main of type function() returning int
