types:
------------------------------------------------
struct foo
  variables:
  ----------------------------------------------
  variable c of type int

functions:
------------------------------------------------
variable main of type function() returning int
  variables:
  ----------------------------------------------
  variable baf of type pointer to struct foo
  variable bar of type struct foo
  variable b of type array 2 of array 8 of int
  variable a of type int
>----------------------------------------------;
  =---
  |  |            
  a  -------------
     |           |
     +---        a
     |  |      
     a  *------
        |     |
        /---  a
        |  |
        a  a

<----------------------------------------------;
>----------------------------------------------;
  =---------
  |        |
  [------  a
  |     |
  [---  1
  |  |
  b  0

<----------------------------------------------;
>----------------------------------------------;
  .-----
  |    |
  bar  c

<----------------------------------------------;
>----------------------------------------------;
  ->----
  |    |
  baf  c

<----------------------------------------------;
variable f of type function() returning int
>-----------------------------------------return
  2

<-----------------------------------------return
