functions:
------------------------------------------------
variable main of type function() returning int
  variables:
  ----------------------------------------------
  variable b of type array 2 of array 8 of int
  variable a of type int
>----------------------------------------------;
  =---
  |  |            
  a  -------------
     |           |
     +---        a
     |  |      
     a  *------
        |     |
        /---  a
        |  |
        a  a

<----------------------------------------------;
>----------------------------------------------;
  =---------
  |        |
  [------  a
  |     |
  [---  1
  |  |
  b  0

<----------------------------------------------;
