functions:
------------------------------------------------
variable main of type function() returning int
  variables:
  ----------------------------------------------
  variable a of type array 2 of array 8 of int
>----------------------------------------------;
  =---------
  |        |
  [------  1
  |     |
  [---  0
  |  |
  a  0

<----------------------------------------------;
