variables:
------------------------------------------------
variable b of type array 10 of int
functions:
------------------------------------------------
variable main of type function() returning int
  variables:
  ----------------------------------------------
  variable b of type int
>----------------------------------------------;
  =---
  |  |   
  b  [---
     |  |
     )  0
     |
     f

<----------------------------------------------;
>----------------------------------------------;
  =------
  |     |
  [---  3
  |  |
  )  0
  |
  f

<----------------------------------------------;
variable f of type function() returning pointer to int
>-----------------------------------------return
  b

<-----------------------------------------return
