functions:
------------------------------------------------
variable main of type function() returning int
  variables:
  ----------------------------------------------
  variable a of type int
>----------------------------------------------;
  =---
  |  |   
  a  +---
     |  |
     2  2

<----------------------------------------------;
>----------------------------------------------;
  =---
  |  |   
  a  +---
     |  |
     a  a

<----------------------------------------------;
